[     217ms] [WARNING] THREE.WebGLShadowMap: PCFSoftShadowMap has been deprecated. Using PCFShadowMap instead. @ http://localhost:3100/_next/static/chunks/2ib9hkh2-zbor.js:0
[   21913ms] [WARNING] WebGL: INVALID_OPERATION: texImage3D: FLIP_Y or PREMULTIPLY_ALPHA isn't allowed for uploading 3D textures @ http://localhost:3100/_next/static/chunks/2ib9hkh2-zbor.js:357
[   21913ms] [WARNING] WebGL: INVALID_OPERATION: texImage3D: FLIP_Y or PREMULTIPLY_ALPHA isn't allowed for uploading 3D textures @ http://localhost:3100/_next/static/chunks/2ib9hkh2-zbor.js:357
[   21941ms] [WARNING] THREE.WebGLShadowMap: PCFSoftShadowMap has been deprecated. Using PCFShadowMap instead. @ http://localhost:3100/_next/static/chunks/2ib9hkh2-zbor.js:0
[   90535ms] [WARNING] WebGL: INVALID_OPERATION: texImage3D: FLIP_Y or PREMULTIPLY_ALPHA isn't allowed for uploading 3D textures @ http://localhost:3100/_next/static/chunks/2ib9hkh2-zbor.js:357
[   90535ms] [WARNING] WebGL: INVALID_OPERATION: texImage3D: FLIP_Y or PREMULTIPLY_ALPHA isn't allowed for uploading 3D textures @ http://localhost:3100/_next/static/chunks/2ib9hkh2-zbor.js:357
[   90568ms] [WARNING] THREE.WebGLShadowMap: PCFSoftShadowMap has been deprecated. Using PCFShadowMap instead. @ http://localhost:3100/_next/static/chunks/2ib9hkh2-zbor.js:0
[  100245ms] [WARNING] THREE.WebGLShadowMap: PCFSoftShadowMap has been deprecated. Using PCFShadowMap instead. @ http://localhost:3100/_next/static/chunks/2ib9hkh2-zbor.js:0
[  100374ms] [ERROR] Failed to load resource: net::ERR_CONNECTION_REFUSED @ http://localhost:3100/icon.svg:0
[  100383ms] [ERROR] Failed to load resource: net::ERR_CONNECTION_REFUSED @ http://localhost:3100/favicon-light.png:0
[  100384ms] [ERROR] Failed to load resource: net::ERR_CONNECTION_REFUSED @ http://localhost:3100/favicon.ico:0
[  100931ms] [ERROR] Failed to load resource: net::ERR_CONNECTION_REFUSED @ http://localhost:3100/icon.svg:0
[  100987ms] [ERROR] Failed to load resource: net::ERR_CONNECTION_REFUSED @ http://localhost:3100/favicon-light.png:0
[  100989ms] [ERROR] Failed to load resource: net::ERR_CONNECTION_REFUSED @ http://localhost:3100/favicon.ico:0
[  101742ms] [WARNING] THREE.WebGLShadowMap: PCFSoftShadowMap has been deprecated. Using PCFShadowMap instead. @ http://localhost:3100/_next/static/chunks/1g35f1tfbqdw4.js:0
[  101815ms] [ERROR] Failed to load resource: net::ERR_CONNECTION_REFUSED @ http://localhost:3100/icon.svg:0
[  101816ms] [ERROR] Failed to load resource: net::ERR_CONNECTION_REFUSED @ http://localhost:3100/favicon-light.png:0
[  101817ms] [ERROR] Failed to load resource: net::ERR_CONNECTION_REFUSED @ http://localhost:3100/favicon.ico:0
[  102380ms] [ERROR] Failed to load resource: net::ERR_CONNECTION_REFUSED @ http://localhost:3100/icon.svg:0
[  102438ms] [ERROR] Failed to load resource: net::ERR_CONNECTION_REFUSED @ http://localhost:3100/favicon-light.png:0
[  102438ms] [ERROR] Failed to load resource: net::ERR_CONNECTION_REFUSED @ http://localhost:3100/favicon.ico:0
[  103067ms] [WARNING] THREE.WebGLShadowMap: PCFSoftShadowMap has been deprecated. Using PCFShadowMap instead. @ http://localhost:3100/_next/static/chunks/0ah1y6-9wzdd4.js:0
[  103161ms] [ERROR] Failed to load resource: net::ERR_CONNECTION_REFUSED @ http://localhost:3100/icon.svg:0
[  103164ms] [ERROR] Failed to load resource: net::ERR_CONNECTION_REFUSED @ http://localhost:3100/favicon-light.png:0
[  103166ms] [ERROR] Failed to load resource: net::ERR_CONNECTION_REFUSED @ http://localhost:3100/favicon.ico:0
[  103714ms] [ERROR] Failed to load resource: net::ERR_CONNECTION_REFUSED @ http://localhost:3100/icon.svg:0
[  103773ms] [ERROR] Failed to load resource: net::ERR_CONNECTION_REFUSED @ http://localhost:3100/favicon-light.png:0
[  103774ms] [ERROR] Failed to load resource: net::ERR_CONNECTION_REFUSED @ http://localhost:3100/favicon.ico:0
[  104225ms] [WARNING] THREE.WebGLShadowMap: PCFSoftShadowMap has been deprecated. Using PCFShadowMap instead. @ http://localhost:3100/_next/static/chunks/07ir8jf1_tg0b.js:0
[  104307ms] [ERROR] Failed to load resource: net::ERR_CONNECTION_REFUSED @ http://localhost:3100/icon.svg:0
[  104308ms] [ERROR] Failed to load resource: net::ERR_CONNECTION_REFUSED @ http://localhost:3100/favicon-light.png:0
[  104309ms] [ERROR] Failed to load resource: net::ERR_CONNECTION_REFUSED @ http://localhost:3100/favicon.ico:0
[  105467ms] [WARNING] THREE.WebGLShadowMap: PCFSoftShadowMap has been deprecated. Using PCFShadowMap instead. @ http://localhost:3100/_next/static/chunks/0ah1y6-9wzdd4.js:0
[  105551ms] [WARNING] WebGL: INVALID_OPERATION: texImage3D: FLIP_Y or PREMULTIPLY_ALPHA isn't allowed for uploading 3D textures @ http://localhost:3100/_next/static/chunks/0ah1y6-9wzdd4.js:357
[  105551ms] [WARNING] WebGL: INVALID_OPERATION: texImage3D: FLIP_Y or PREMULTIPLY_ALPHA isn't allowed for uploading 3D textures @ http://localhost:3100/_next/static/chunks/0ah1y6-9wzdd4.js:357
[  105571ms] [WARNING] THREE.WebGLShadowMap: PCFSoftShadowMap has been deprecated. Using PCFShadowMap instead. @ http://localhost:3100/_next/static/chunks/0ah1y6-9wzdd4.js:0
[  105681ms] [ERROR] Failed to load resource: net::ERR_CONNECTION_REFUSED @ http://localhost:3100/icon.svg:0
[  105685ms] [ERROR] Failed to load resource: net::ERR_CONNECTION_REFUSED @ http://localhost:3100/icon.svg:0
[  105686ms] [ERROR] Failed to load resource: net::ERR_CONNECTION_REFUSED @ http://localhost:3100/favicon-light.png:0
[  105689ms] [ERROR] Failed to load resource: net::ERR_CONNECTION_REFUSED @ http://localhost:3100/favicon.ico:0
[  106051ms] [WARNING] THREE.WebGLShadowMap: PCFSoftShadowMap has been deprecated. Using PCFShadowMap instead. @ http://localhost:3100/_next/static/chunks/1g35f1tfbqdw4.js:0
[  106119ms] [WARNING] WebGL: INVALID_OPERATION: texImage3D: FLIP_Y or PREMULTIPLY_ALPHA isn't allowed for uploading 3D textures @ http://localhost:3100/_next/static/chunks/1g35f1tfbqdw4.js:357
[  106119ms] [WARNING] WebGL: INVALID_OPERATION: texImage3D: FLIP_Y or PREMULTIPLY_ALPHA isn't allowed for uploading 3D textures @ http://localhost:3100/_next/static/chunks/1g35f1tfbqdw4.js:357
[  106138ms] [WARNING] THREE.WebGLShadowMap: PCFSoftShadowMap has been deprecated. Using PCFShadowMap instead. @ http://localhost:3100/_next/static/chunks/1g35f1tfbqdw4.js:0
[  106202ms] [ERROR] Failed to load resource: net::ERR_CONNECTION_REFUSED @ http://localhost:3100/icon.svg:0
[  106210ms] [ERROR] Failed to load resource: net::ERR_CONNECTION_REFUSED @ http://localhost:3100/icon.svg:0
[  106213ms] [ERROR] Failed to load resource: net::ERR_CONNECTION_REFUSED @ http://localhost:3100/favicon-light.png:0
[  106214ms] [ERROR] Failed to load resource: net::ERR_CONNECTION_REFUSED @ http://localhost:3100/favicon.ico:0
[  106385ms] [WARNING] THREE.WebGLShadowMap: PCFSoftShadowMap has been deprecated. Using PCFShadowMap instead. @ http://localhost:3100/_next/static/chunks/2ib9hkh2-zbor.js:0
[  106474ms] [WARNING] WebGL: INVALID_OPERATION: texImage3D: FLIP_Y or PREMULTIPLY_ALPHA isn't allowed for uploading 3D textures @ http://localhost:3100/_next/static/chunks/2ib9hkh2-zbor.js:357
[  106474ms] [WARNING] WebGL: INVALID_OPERATION: texImage3D: FLIP_Y or PREMULTIPLY_ALPHA isn't allowed for uploading 3D textures @ http://localhost:3100/_next/static/chunks/2ib9hkh2-zbor.js:357
[  106493ms] [WARNING] THREE.WebGLShadowMap: PCFSoftShadowMap has been deprecated. Using PCFShadowMap instead. @ http://localhost:3100/_next/static/chunks/2ib9hkh2-zbor.js:0
[  106562ms] [ERROR] Failed to load resource: net::ERR_CONNECTION_REFUSED @ http://localhost:3100/icon.svg:0
[  106590ms] [ERROR] Failed to load resource: net::ERR_CONNECTION_REFUSED @ http://localhost:3100/icon.svg:0
[  106591ms] [ERROR] Failed to load resource: net::ERR_CONNECTION_REFUSED @ http://localhost:3100/favicon-light.png:0
[  106592ms] [ERROR] Failed to load resource: net::ERR_CONNECTION_REFUSED @ http://localhost:3100/favicon.ico:0
[  109011ms] [WARNING] WebGL: INVALID_OPERATION: texImage3D: FLIP_Y or PREMULTIPLY_ALPHA isn't allowed for uploading 3D textures @ http://localhost:3100/_next/static/chunks/2ib9hkh2-zbor.js:357
[  109011ms] [WARNING] WebGL: INVALID_OPERATION: texImage3D: FLIP_Y or PREMULTIPLY_ALPHA isn't allowed for uploading 3D textures @ http://localhost:3100/_next/static/chunks/2ib9hkh2-zbor.js:357
[  109029ms] [WARNING] THREE.WebGLShadowMap: PCFSoftShadowMap has been deprecated. Using PCFShadowMap instead. @ http://localhost:3100/_next/static/chunks/2ib9hkh2-zbor.js:0
